[33mΓ¥»[39m Building...
[32mΓ£ö[39m Building...
Application bundle generation failed. [7.302 seconds] - 2026-04-01T16:25:32.905Z

node.exe : [1m[31m[31mX 
[41;31m[[41;97mERROR[41;31m][0m 
[1mNG8002: Can't bind to 
'matDatepicker' since it isn't a known 
property of 'input'.[0m 
[1m[35m[plugin angular-compiler][0m
At line:1 char:1
+ & "C:\Program Files\nodejs/node.exe" 
"C:\Program Files\nodejs/node_mo ...
+ ~~~~~~~~~~~~~~~~~~~~~~~~~~~~~~~~~~~~~~
~~~~~~~~~~~~~~~~~~~~~~~~~~~~~~~
    + CategoryInfo          : NotSpecif 
   ied: ([1m[31m[31mX...r-compiler]  
  [0m:String) [], RemoteException
    + FullyQualifiedErrorId : NativeCom 
   mandError
 

    src/app/server-form/server-form.comp
onent.html:321:28:
[37m      321 Γöé ...   <input 
matInput 
[32m[matDatepicker]="picker"[37m 
formControlName="a...
          Γò╡                       
[32m~~~~~~~~~~~~~~~~~~~~~~~~[0m

  Error occurs in the template of 
component ServerFormComponent.

    src/app/server-form/server-form.comp
onent.ts:25:17:
[37m      25 Γöé     templateUrl: [32m
'./server-form.component.html'[37m,
         Γò╡                  
[32m~~~~~~~~~~~~~~~~~~~~~~~~~~~~~~[0m


[31mX 
[41;31m[[41;97mERROR[41;31m][0m 
[1mNG8002: Can't bind to 'htmlFor' 
since it isn't a known property of 
'mat-datepicker-toggle'.
1. If 'mat-datepicker-toggle' is an 
Angular component and it has 'htmlFor' 
input, then verify that it is part of 
this module.
2. If 'mat-datepicker-toggle' is a Web 
Component then add 
'CUSTOM_ELEMENTS_SCHEMA' to the 
'@NgModule.schemas' of this component 
to suppress this message.
3. To allow any property add 
'NO_ERRORS_SCHEMA' to the 
'@NgModule.schemas' of this 
component.[0m [1m[35m[plugin 
angular-compiler][0m

    src/app/server-form/server-form.comp
onent.html:322:49:
[37m      322 Γöé ...cker-toggle 
matIconSuffix [32m[for]="picker"[37m><
/mat-datepicker-toggle>
          Γò╡                           
   [32m~~~~~~~~~~~~~~[0m

  Error occurs in the template of 
component ServerFormComponent.

    src/app/server-form/server-form.comp
onent.ts:25:17:
[37m      25 Γöé     templateUrl: [32m
'./server-form.component.html'[37m,
         Γò╡                  
[32m~~~~~~~~~~~~~~~~~~~~~~~~~~~~~~[0m


[31mX 
[41;31m[[41;97mERROR[41;31m][0m 
[1mNG8001: 'mat-datepicker' is not a 
known element:
1. If 'mat-datepicker' is an Angular 
component, then verify that it is part 
of this module.
2. If 'mat-datepicker' is a Web 
Component then add 
'CUSTOM_ELEMENTS_SCHEMA' to the 
'@NgModule.schemas' of this component 
to suppress this message.[0m 
[1m[35m[plugin angular-compiler][0m

    src/app/server-form/server-form.comp
onent.html:323:12:
[37m      323 Γöé             
[32m<mat-datepicker 
#picker>[37m</mat-datepicker>
          Γò╡             
[32m~~~~~~~~~~~~~~~~~~~~~~~~[0m

  Error occurs in the template of 
component ServerFormComponent.

    src/app/server-form/server-form.comp
onent.ts:25:17:
[37m      25 Γöé     templateUrl: [32m
'./server-form.component.html'[37m,
         Γò╡                  
[32m~~~~~~~~~~~~~~~~~~~~~~~~~~~~~~[0m


[31mX 
[41;31m[[41;97mERROR[41;31m][0m 
[1mNG8002: Can't bind to 
'matDatepicker' since it isn't a known 
property of 'input'.[0m 
[1m[35m[plugin angular-compiler][0m

    src/app/server-form/server-form.comp
onent.html:397:35:
[37m      397 Γöé ... <input matInput 
[32m[matDatepicker]="startPicker"[37m 
formControlName...
          Γò╡                     
[32m~~~~~~~~~~~~~~~~~~~~~~~~~~~~~[0m

  Error occurs in the template of 
component ServerFormComponent.

    src/app/server-form/server-form.comp
onent.ts:25:17:
[37m      25 Γöé     templateUrl: [32m
'./server-form.component.html'[37m,
         Γò╡                  
[32m~~~~~~~~~~~~~~~~~~~~~~~~~~~~~~[0m


[31mX 
[41;31m[[41;97mERROR[41;31m][0m 
[1mNG8002: Can't bind to 'htmlFor' 
since it isn't a known property of 
'mat-datepicker-toggle'.
1. If 'mat-datepicker-toggle' is an 
Angular component and it has 'htmlFor' 
input, then verify that it is part of 
this module.
2. If 'mat-datepicker-toggle' is a Web 
Component then add 
'CUSTOM_ELEMENTS_SCHEMA' to the 
'@NgModule.schemas' of this component 
to suppress this message.
3. To allow any property add 
'NO_ERRORS_SCHEMA' to the 
'@NgModule.schemas' of this 
component.[0m [1m[35m[plugin 
angular-compiler][0m

    src/app/server-form/server-form.comp
onent.html:398:56:
[37m      398 Γöé ...-toggle 
matIconSuffix [32m[for]="startPicker"[
37m></mat-datepicker-tog...
          Γò╡                          
[32m~~~~~~~~~~~~~~~~~~~[0m

  Error occurs in the template of 
component ServerFormComponent.

    src/app/server-form/server-form.comp
onent.ts:25:17:
[37m      25 Γöé     templateUrl: [32m
'./server-form.component.html'[37m,
         Γò╡                  
[32m~~~~~~~~~~~~~~~~~~~~~~~~~~~~~~[0m


[31mX 
[41;31m[[41;97mERROR[41;31m][0m 
[1mNG8001: 'mat-datepicker' is not a 
known element:
1. If 'mat-datepicker' is an Angular 
component, then verify that it is part 
of this module.
2. If 'mat-datepicker' is a Web 
Component then add 
'CUSTOM_ELEMENTS_SCHEMA' to the 
'@NgModule.schemas' of this component 
to suppress this message.[0m 
[1m[35m[plugin angular-compiler][0m

    src/app/server-form/server-form.comp
onent.html:399:19:
[37m      399 Γöé                    
[32m<mat-datepicker 
#startPicker>[37m</mat-datepicker>
          Γò╡                    
[32m~~~~~~~~~~~~~~~~~~~~~~~~~~~~~[0m

  Error occurs in the template of 
component ServerFormComponent.

    src/app/server-form/server-form.comp
onent.ts:25:17:
[37m      25 Γöé     templateUrl: [32m
'./server-form.component.html'[37m,
         Γò╡                  
[32m~~~~~~~~~~~~~~~~~~~~~~~~~~~~~~[0m


[31mX 
[41;31m[[41;97mERROR[41;31m][0m 
[1mNG8002: Can't bind to 
'matDatepicker' since it isn't a known 
property of 'input'.[0m 
[1m[35m[plugin angular-compiler][0m

    src/app/server-form/server-form.comp
onent.html:403:35:
[37m      403 Γöé ...  <input matInput 
[32m[matDatepicker]="endPicker"[37m 
formControlName=...
          Γò╡                      
[32m~~~~~~~~~~~~~~~~~~~~~~~~~~~[0m

  Error occurs in the template of 
component ServerFormComponent.

    src/app/server-form/server-form.comp
onent.ts:25:17:
[37m      25 Γöé     templateUrl: [32m
'./server-form.component.html'[37m,
         Γò╡                  
[32m~~~~~~~~~~~~~~~~~~~~~~~~~~~~~~[0m


[31mX 
[41;31m[[41;97mERROR[41;31m][0m 
[1mNG8002: Can't bind to 'htmlFor' 
since it isn't a known property of 
'mat-datepicker-toggle'.
1. If 'mat-datepicker-toggle' is an 
Angular component and it has 'htmlFor' 
input, then verify that it is part of 
this module.
2. If 'mat-datepicker-toggle' is a Web 
Component then add 
'CUSTOM_ELEMENTS_SCHEMA' to the 
'@NgModule.schemas' of this component 
to suppress this message.
3. To allow any property add 
'NO_ERRORS_SCHEMA' to the 
'@NgModule.schemas' of this 
component.[0m [1m[35m[plugin 
angular-compiler][0m

    src/app/server-form/server-form.comp
onent.html:404:56:
[37m      404 Γöé ...r-toggle 
matIconSuffix [32m[for]="endPicker"[37
m></mat-datepicker-toggle>
          Γò╡                           
[32m~~~~~~~~~~~~~~~~~[0m

  Error occurs in the template of 
component ServerFormComponent.

    src/app/server-form/server-form.comp
onent.ts:25:17:
[37m      25 Γöé     templateUrl: [32m
'./server-form.component.html'[37m,
         Γò╡                  
[32m~~~~~~~~~~~~~~~~~~~~~~~~~~~~~~[0m


[31mX 
[41;31m[[41;97mERROR[41;31m][0m 
[1mNG8001: 'mat-datepicker' is not a 
known element:
1. If 'mat-datepicker' is an Angular 
component, then verify that it is part 
of this module.
2. If 'mat-datepicker' is a Web 
Component then add 
'CUSTOM_ELEMENTS_SCHEMA' to the 
'@NgModule.schemas' of this component 
to suppress this message.[0m 
[1m[35m[plugin angular-compiler][0m

    src/app/server-form/server-form.comp
onent.html:405:19:
[37m      405 Γöé                    
[32m<mat-datepicker 
#endPicker>[37m</mat-datepicker>
          Γò╡                    
[32m~~~~~~~~~~~~~~~~~~~~~~~~~~~[0m

  Error occurs in the template of 
component ServerFormComponent.

    src/app/server-form/server-form.comp
onent.ts:25:17:
[37m      25 Γöé     templateUrl: [32m
'./server-form.component.html'[37m,
         Γò╡                  
[32m~~~~~~~~~~~~~~~~~~~~~~~~~~~~~~[0m

[39m[22m
